Timestamp               Ty Process[PID:TID]
2026-09-06 08:04:41.385 Df usernoted[1682:186bf4e] [com.apple.unc:server] Connection com.minchenlee.c9watch.notification-qa with path: /Users/liminchen/Applications/c9watch Notification QA.app
2026-09-06 08:04:41.400 E  usernoted[1682:186bf4e] [com.apple.unc:application] Record <NotificationRecord app:"com.minchenlee.c9watch.notification-qa" ident:"DA39-A3EE" req:"" uuid:"B72476F2" source:"3E399180" staticCategory:"<LEGACY options=(legacyBehavior, hiddenPreviewShowsTitle)>" <response action: closed actIdent:  foreground: true text: nil> > ineligible for pipeline due to summarizationDisabled(globally)
2026-09-06 08:04:41.401 Df usernoted[1682:186bf4e] [com.apple.unc:application] <NotificationRecord app:"com.minchenlee.c9watch.notification-qa" ident:"DA39-A3EE" req:"" uuid:"B72476F2" source:"3E399180" staticCategory:"<LEGACY options=(legacyBehavior, hiddenPreviewShowsTitle)>" <response action: closed actIdent:  foreground: true text: nil> > successfully processed by pipeline, scheduled for delivery.
2026-09-06 08:04:41.512 Df usernoted[1682:186bf4e] [com.apple.unc:application] Delivering <NotificationRecord app:"com.minchenlee.c9watch.notification-qa" ident:"DA39-A3EE" req:"" uuid:"B72476F2" source:"3E399180" staticCategory:"<LEGACY options=(legacyBehavior, hiddenPreviewShowsTitle)>" <response action: closed actIdent:  foreground: true text: nil> > to [ .alert .lockScreen .notificationCenter ]: updatedExisting: false
2026-09-06 08:04:41.512 Df usernoted[1682:186bf4e] [com.apple.unc:application] Presenting <NotificationRecord app:"com.minchenlee.c9watch.notification-qa" ident:"DA39-A3EE" req:"" uuid:"B72476F2" source:"3E399180" staticCategory:"<LEGACY options=(legacyBehavior, hiddenPreviewShowsTitle)>" <response action: closed actIdent:  foreground: true text: nil> > as banner (["badge", "sound", "alert"])
2026-09-06 08:04:41.525 Df NotificationCenter[1775:1862c08] [com.apple.donotdisturb:BehaviorResolution] [com.apple.private.nc.dnd:4003B2E0-67B6-4800-A309-CFEABBB38978] Resolving behavior for event, details=<DNDMutableClientEventDetails: 0xc10e9db00; identifier: ''; bundleIdentifier: com.minchenlee.c9watch.notification-qa; platform: unknown; type: Default; urgency: Default; sender: (null); threadIdentifier: (null); filterCritera: (null); notifyAnyway: 0; behavior: Default; forwardingBehavior: (null); title: D3A6AC1040A58B8C; subtitle: 0; body: 6BC821906A0DFFB6; shouldAdjustEventBehaviorForMirroring: 0>
2026-09-06 08:04:41.533 Df NotificationCenter[1775:1862c08] [com.apple.donotdisturb:BehaviorResolution] [com.apple.private.nc.dnd:4003B2E0-67B6-4800-A309-CFEABBB38978] Resolved event, details=<DNDMutableClientEventDetails: 0xc10e9db00; identifier: ''; bundleIdentifier: com.minchenlee.c9watch.notification-qa; platform: unknown; type: Default; urgency: Default; sender: (null); threadIdentifier: (null); filterCritera: (null); notifyAnyway: 0; behavior: Default; forwardingBehavior: (null); title: D3A6AC1040A58B8C; subtitle: 0; body: 6BC821906A0DFFB6; shouldAdjustEventBehaviorForMirroring: 0> behavior=<DNDClientEventBehavior: 0xc10e92a90; eventDetails: <DNDClientEventDetails: 0xc10e9cb00; identifier: ''; bundleIdentifier: com.minchenlee.c9watch.notification-qa; platform: unknown; type: Default; urgency: Default; sender: (null); threadIdentifier: (null); filterCritera: (null); notifyAnyway: 0; behavior: Default; forwardingBehavior: (null); title: D3A6AC1040A58B8C; subtitle: D3A6AC1040A58B8C; body: 6BC821906A0DFFB6; shouldAdjustEventBehaviorForMirroring: 0>; interruptionSuppression: none; intelligentBehavior: unused; resolutionReas
2026-09-06 08:04:41.538 Df NotificationCenter[1775:53ce] [com.apple.unc:dnd] record <NotificationRecord app:"com.minchenlee.c9watch.notification-qa" ident:"DA39-A3EE" req:"" uuid:"B72476F2" source:"3E399180" staticCategory:"<LEGACY options=(legacyBehavior, hiddenPreviewShowsTitle)>" <response action: closed actIdent:  foreground: true text: nil> > is not intelligentlyBrokethrough
2026-09-06 08:04:41.538 Df NotificationCenter[1775:53ce] [com.apple.unc:application] addOrUpdate listItem: com.minchenlee.c9watch.notification-qa:B72476F2 from app com.minchenlee.c9watch.notification-qa, canDisplayWhileCenterIsClosed: true, visibility: [history, alert, lockscreen, allowsScreenWake], readCount: 0
2026-09-06 08:04:41.538 Df NotificationCenter[1775:53ce] [com.apple.unc:application] Adding notification to storage: com.minchenlee.c9watch.notification-qa:B72476F2
2026-09-06 08:04:41.539 Df NotificationCenter[1775:53ce] [com.apple.unc:application] [com.minchenlee.c9watch.notification-qa:B72476F2][record: <NotificationRecord app:"com.minchenlee.c9watch.notification-qa" ident:"DA39-A3EE" req:"" uuid:"B72476F2" source:"3E399180" staticCategory:"<LEGACY options=(legacyBehavior, hiddenPreviewShowsTitle)>" <response action: closed actIdent:  foreground: true text: nil> >] displaying as banner, body: <private>, summary: <private>
2026-09-06 08:04:41.540 Df NotificationCenter[1775:53ce] [com.apple.unc:dnd] Not playing sound for <NotificationRecord app:"com.minchenlee.c9watch.notification-qa" ident:"DA39-A3EE" req:"" uuid:"B72476F2" source:"3E399180" staticCategory:"<LEGACY options=(legacyBehavior, hiddenPreviewShowsTitle)>" <response action: closed actIdent:  foreground: true text: nil> >: consoleConnected: true, isMuted: false, hasSound: false, darkWake: false
2026-09-06 08:04:41.540 Df NotificationCenter[1775:53ce] [com.apple.unc:dnd] record <NotificationRecord app:"com.minchenlee.c9watch.notification-qa" ident:"DA39-A3EE" req:"" uuid:"B72476F2" source:"3E399180" staticCategory:"<LEGACY options=(legacyBehavior, hiddenPreviewShowsTitle)>" <response action: closed actIdent:  foreground: true text: nil> > is not intelligentlyBrokethrough
2026-09-06 08:04:41.540 Df NotificationCenter[1775:53ce] [com.apple.unc:application] [com.minchenlee.c9watch.notification-qa:B72476F2] updating existing notification with content from B72476F2
2026-09-06 08:04:41.540 Df NotificationCenter[1775:53ce] [com.apple.unc:application] Adding notification to storage: com.minchenlee.c9watch.notification-qa:B72476F2
2026-09-06 08:04:47.673 Df NotificationCenter[1775:53ce] [com.apple.unc:application] Drag to remove banner: com.minchenlee.c9watch.notification-qa:B72476F2
2026-09-06 08:05:17.425 Df NotificationCenter[1775:53ce] [com.apple.unc:layout] Re-add com.minchenlee.c9watch.notification-qa:9F1B54EF, com.minchenlee.c9watch.notification-qa with visibility: [history, alert, lockscreen, allowsScreenWake]
2026-09-06 08:05:17.425 Df NotificationCenter[1775:53ce] [com.apple.unc:application] Adding notification to storage: com.minchenlee.c9watch.notification-qa:9F1B54EF
2026-09-06 08:05:17.425 Df NotificationCenter[1775:53ce] [com.apple.unc:application] [com.minchenlee.c9watch.notification-qa:9F1B54EF] added to history with groupingIdentifier <private>, readCount: 0
2026-09-06 08:05:17.425 Df NotificationCenter[1775:53ce] [com.apple.unc:layout] Re-add com.minchenlee.c9watch.notification-qa:9C9ACA8E, com.minchenlee.c9watch.notification-qa with visibility: [history, alert, lockscreen, allowsScreenWake]
2026-09-06 08:05:17.425 Df NotificationCenter[1775:53ce] [com.apple.unc:application] Adding notification to storage: com.minchenlee.c9watch.notification-qa:9C9ACA8E
2026-09-06 08:05:17.425 Df NotificationCenter[1775:53ce] [com.apple.unc:application] [com.minchenlee.c9watch.notification-qa:9C9ACA8E] added to history with groupingIdentifier <private>, readCount: 0
2026-09-06 08:05:17.425 Df NotificationCenter[1775:53ce] [com.apple.unc:layout] Re-add com.minchenlee.c9watch.notification-qa:2CB3CAC3, com.minchenlee.c9watch.notification-qa with visibility: [history, alert, lockscreen, allowsScreenWake]
2026-09-06 08:05:17.425 Df NotificationCenter[1775:53ce] [com.apple.unc:application] Adding notification to storage: com.minchenlee.c9watch.notification-qa:2CB3CAC3
2026-09-06 08:05:17.425 Df NotificationCenter[1775:53ce] [com.apple.unc:application] [com.minchenlee.c9watch.notification-qa:2CB3CAC3] added to history with groupingIdentifier <private>, readCount: 0
2026-09-06 08:05:17.425 Df NotificationCenter[1775:53ce] [com.apple.unc:layout] Re-add com.minchenlee.c9watch.notification-qa:796281E5, com.minchenlee.c9watch.notification-qa with visibility: [history, alert, lockscreen, allowsScreenWake]
2026-09-06 08:05:17.425 Df NotificationCenter[1775:53ce] [com.apple.unc:application] Adding notification to storage: com.minchenlee.c9watch.notification-qa:796281E5
2026-09-06 08:05:17.426 Df NotificationCenter[1775:53ce] [com.apple.unc:application] [com.minchenlee.c9watch.notification-qa:796281E5] added to history with groupingIdentifier <private>, readCount: 0
2026-09-06 08:05:17.426 Df NotificationCenter[1775:53ce] [com.apple.unc:layout] Re-add com.minchenlee.c9watch.notification-qa:B72476F2, com.minchenlee.c9watch.notification-qa with visibility: [history, alert, lockscreen, allowsScreenWake]
2026-09-06 08:05:17.426 Df NotificationCenter[1775:53ce] [com.apple.unc:application] Adding notification to storage: com.minchenlee.c9watch.notification-qa:B72476F2
2026-09-06 08:05:17.426 Df NotificationCenter[1775:53ce] [com.apple.unc:application] [com.minchenlee.c9watch.notification-qa:B72476F2] added to history with groupingIdentifier <private>, readCount: 0
2026-09-06 08:05:18.971 Df NotificationCenter[1775:53ce] [com.apple.unc:layout] Re-add com.minchenlee.c9watch.notification-qa:9C9ACA8E, com.minchenlee.c9watch.notification-qa with visibility: [history, alert, lockscreen, allowsScreenWake]
2026-09-06 08:05:18.971 Df NotificationCenter[1775:53ce] [com.apple.unc:application] Adding notification to storage: com.minchenlee.c9watch.notification-qa:9C9ACA8E
2026-09-06 08:05:18.971 Df NotificationCenter[1775:53ce] [com.apple.unc:application] [com.minchenlee.c9watch.notification-qa:9C9ACA8E] added to history with groupingIdentifier <private>, readCount: 0
2026-09-06 08:05:18.971 Df NotificationCenter[1775:53ce] [com.apple.unc:layout] Re-add com.minchenlee.c9watch.notification-qa:9F1B54EF, com.minchenlee.c9watch.notification-qa with visibility: [history, alert, lockscreen, allowsScreenWake]
2026-09-06 08:05:18.971 Df NotificationCenter[1775:53ce] [com.apple.unc:application] Adding notification to storage: com.minchenlee.c9watch.notification-qa:9F1B54EF
2026-09-06 08:05:18.971 Df NotificationCenter[1775:53ce] [com.apple.unc:application] [com.minchenlee.c9watch.notification-qa:9F1B54EF] added to history with groupingIdentifier <private>, readCount: 0
2026-09-06 08:05:18.971 Df NotificationCenter[1775:53ce] [com.apple.unc:layout] Re-add com.minchenlee.c9watch.notification-qa:B72476F2, com.minchenlee.c9watch.notification-qa with visibility: [history, alert, lockscreen, allowsScreenWake]
2026-09-06 08:05:18.971 Df NotificationCenter[1775:53ce] [com.apple.unc:application] Adding notification to storage: com.minchenlee.c9watch.notification-qa:B72476F2
2026-09-06 08:05:18.971 Df NotificationCenter[1775:53ce] [com.apple.unc:application] [com.minchenlee.c9watch.notification-qa:B72476F2] added to history with groupingIdentifier <private>, readCount: 0
2026-09-06 08:05:18.971 Df NotificationCenter[1775:53ce] [com.apple.unc:layout] Re-add com.minchenlee.c9watch.notification-qa:796281E5, com.minchenlee.c9watch.notification-qa with visibility: [history, alert, lockscreen, allowsScreenWake]
2026-09-06 08:05:18.971 Df NotificationCenter[1775:53ce] [com.apple.unc:application] Adding notification to storage: com.minchenlee.c9watch.notification-qa:796281E5
2026-09-06 08:05:18.971 Df NotificationCenter[1775:53ce] [com.apple.unc:application] [com.minchenlee.c9watch.notification-qa:796281E5] added to history with groupingIdentifier <private>, readCount: 0
2026-09-06 08:05:18.971 Df NotificationCenter[1775:53ce] [com.apple.unc:layout] Re-add com.minchenlee.c9watch.notification-qa:2CB3CAC3, com.minchenlee.c9watch.notification-qa with visibility: [history, alert, lockscreen, allowsScreenWake]
2026-09-06 08:05:18.971 Df NotificationCenter[1775:53ce] [com.apple.unc:application] Adding notification to storage: com.minchenlee.c9watch.notification-qa:2CB3CAC3
2026-09-06 08:05:18.971 Df NotificationCenter[1775:53ce] [com.apple.unc:application] [com.minchenlee.c9watch.notification-qa:2CB3CAC3] added to history with groupingIdentifier <private>, readCount: 0
2026-09-06 08:05:31.102 Df NotificationCenter[1775:53ce] [com.apple.unc:layout] Re-add com.minchenlee.c9watch.notification-qa:B72476F2, com.minchenlee.c9watch.notification-qa with visibility: [history, alert, lockscreen, allowsScreenWake]
2026-09-06 08:05:31.102 Df NotificationCenter[1775:53ce] [com.apple.unc:application] Adding notification to storage: com.minchenlee.c9watch.notification-qa:B72476F2
2026-09-06 08:05:31.102 Df NotificationCenter[1775:53ce] [com.apple.unc:application] [com.minchenlee.c9watch.notification-qa:B72476F2] added to history with groupingIdentifier <private>, readCount: 0
2026-09-06 08:05:31.102 Df NotificationCenter[1775:53ce] [com.apple.unc:layout] Re-add com.minchenlee.c9watch.notification-qa:2CB3CAC3, com.minchenlee.c9watch.notification-qa with visibility: [history, alert, lockscreen, allowsScreenWake]
2026-09-06 08:05:31.102 Df NotificationCenter[1775:53ce] [com.apple.unc:application] Adding notification to storage: com.minchenlee.c9watch.notification-qa:2CB3CAC3
2026-09-06 08:05:31.102 Df NotificationCenter[1775:53ce] [com.apple.unc:application] [com.minchenlee.c9watch.notification-qa:2CB3CAC3] added to history with groupingIdentifier <private>, readCount: 0
2026-09-06 08:05:31.102 Df NotificationCenter[1775:53ce] [com.apple.unc:layout] Re-add com.minchenlee.c9watch.notification-qa:796281E5, com.minchenlee.c9watch.notification-qa with visibility: [history, alert, lockscreen, allowsScreenWake]
2026-09-06 08:05:31.102 Df NotificationCenter[1775:53ce] [com.apple.unc:application] Adding notification to storage: com.minchenlee.c9watch.notification-qa:796281E5
2026-09-06 08:05:31.102 Df NotificationCenter[1775:53ce] [com.apple.unc:application] [com.minchenlee.c9watch.notification-qa:796281E5] added to history with groupingIdentifier <private>, readCount: 0
2026-09-06 08:05:31.102 Df NotificationCenter[1775:53ce] [com.apple.unc:layout] Re-add com.minchenlee.c9watch.notification-qa:9C9ACA8E, com.minchenlee.c9watch.notification-qa with visibility: [history, alert, lockscreen, allowsScreenWake]
2026-09-06 08:05:31.102 Df NotificationCenter[1775:53ce] [com.apple.unc:application] Adding notification to storage: com.minchenlee.c9watch.notification-qa:9C9ACA8E
2026-09-06 08:05:31.102 Df NotificationCenter[1775:53ce] [com.apple.unc:application] [com.minchenlee.c9watch.notification-qa:9C9ACA8E] added to history with groupingIdentifier <private>, readCount: 0
2026-09-06 08:05:31.102 Df NotificationCenter[1775:53ce] [com.apple.unc:layout] Re-add com.minchenlee.c9watch.notification-qa:9F1B54EF, com.minchenlee.c9watch.notification-qa with visibility: [history, alert, lockscreen, allowsScreenWake]
2026-09-06 08:05:31.102 Df NotificationCenter[1775:53ce] [com.apple.unc:application] Adding notification to storage: com.minchenlee.c9watch.notification-qa:9F1B54EF
2026-09-06 08:05:31.102 Df NotificationCenter[1775:53ce] [com.apple.unc:application] [com.minchenlee.c9watch.notification-qa:9F1B54EF] added to history with groupingIdentifier <private>, readCount: 0
2026-09-06 08:14:06.536 Df usernoted[1682:18739f1] [com.apple.unc:server] Connection com.minchenlee.c9watch.notification-qa with path: /Users/liminchen/Applications/c9watch Notification QA.app
2026-09-06 08:14:06.551 E  usernoted[1682:18739f1] [com.apple.unc:application] Record <NotificationRecord app:"com.minchenlee.c9watch.notification-qa" ident:"DA39-A3EE" req:"" uuid:"D145194B" source:"34676198" staticCategory:"<LEGACY options=(legacyBehavior, hiddenPreviewShowsTitle)>" <response action: closed actIdent:  foreground: true text: nil> > ineligible for pipeline due to summarizationDisabled(globally)
2026-09-06 08:14:06.551 Df usernoted[1682:18739f1] [com.apple.unc:application] <NotificationRecord app:"com.minchenlee.c9watch.notification-qa" ident:"DA39-A3EE" req:"" uuid:"D145194B" source:"34676198" staticCategory:"<LEGACY options=(legacyBehavior, hiddenPreviewShowsTitle)>" <response action: closed actIdent:  foreground: true text: nil> > successfully processed by pipeline, scheduled for delivery.
2026-09-06 08:14:06.657 Df usernoted[1682:18739f1] [com.apple.unc:application] Delivering <NotificationRecord app:"com.minchenlee.c9watch.notification-qa" ident:"DA39-A3EE" req:"" uuid:"D145194B" source:"34676198" staticCategory:"<LEGACY options=(legacyBehavior, hiddenPreviewShowsTitle)>" <response action: closed actIdent:  foreground: true text: nil> > to [ .alert .lockScreen .notificationCenter ]: updatedExisting: false
2026-09-06 08:14:06.658 Df usernoted[1682:18739f1] [com.apple.unc:application] Presenting <NotificationRecord app:"com.minchenlee.c9watch.notification-qa" ident:"DA39-A3EE" req:"" uuid:"D145194B" source:"34676198" staticCategory:"<LEGACY options=(legacyBehavior, hiddenPreviewShowsTitle)>" <response action: closed actIdent:  foreground: true text: nil> > as banner (["badge", "sound", "alert"])
2026-09-06 08:14:06.669 Df NotificationCenter[1775:186edbf] [com.apple.donotdisturb:BehaviorResolution] [com.apple.private.nc.dnd:932F591B-6DE4-4862-B0A3-4F871DBC4779] Resolving behavior for event, details=<DNDMutableClientEventDetails: 0xc0f2d6880; identifier: ''; bundleIdentifier: com.minchenlee.c9watch.notification-qa; platform: unknown; type: Default; urgency: Default; sender: (null); threadIdentifier: (null); filterCritera: (null); notifyAnyway: 0; behavior: Default; forwardingBehavior: (null); title: D3A6AC1040A58B8C; subtitle: 0; body: 81A3766A6A7892F2; shouldAdjustEventBehaviorForMirroring: 0>
2026-09-06 08:14:06.671 Df NotificationCenter[1775:186edbf] [com.apple.donotdisturb:BehaviorResolution] [com.apple.private.nc.dnd:932F591B-6DE4-4862-B0A3-4F871DBC4779] Resolved event, details=<DNDMutableClientEventDetails: 0xc0f2d6880; identifier: ''; bundleIdentifier: com.minchenlee.c9watch.notification-qa; platform: unknown; type: Default; urgency: Default; sender: (null); threadIdentifier: (null); filterCritera: (null); notifyAnyway: 0; behavior: Default; forwardingBehavior: (null); title: D3A6AC1040A58B8C; subtitle: 0; body: 81A3766A6A7892F2; shouldAdjustEventBehaviorForMirroring: 0> behavior=<DNDClientEventBehavior: 0xc0f760b40; eventDetails: <DNDClientEventDetails: 0xc0f2d5a80; identifier: ''; bundleIdentifier: com.minchenlee.c9watch.notification-qa; platform: unknown; type: Default; urgency: Default; sender: (null); threadIdentifier: (null); filterCritera: (null); notifyAnyway: 0; behavior: Default; forwardingBehavior: (null); title: D3A6AC1040A58B8C; subtitle: D3A6AC1040A58B8C; body: 81A3766A6A7892F2; shouldAdjustEventBehaviorForMirroring: 0>; interruptionSuppression: none; intelligentBehavior: unused; resolutionReas
2026-09-06 08:14:06.674 Df NotificationCenter[1775:53ce] [com.apple.unc:dnd] record <NotificationRecord app:"com.minchenlee.c9watch.notification-qa" ident:"DA39-A3EE" req:"" uuid:"D145194B" source:"34676198" staticCategory:"<LEGACY options=(legacyBehavior, hiddenPreviewShowsTitle)>" <response action: closed actIdent:  foreground: true text: nil> > is not intelligentlyBrokethrough
2026-09-06 08:14:06.675 Df NotificationCenter[1775:53ce] [com.apple.unc:application] addOrUpdate listItem: com.minchenlee.c9watch.notification-qa:D145194B from app com.minchenlee.c9watch.notification-qa, canDisplayWhileCenterIsClosed: true, visibility: [history, alert, lockscreen, allowsScreenWake], readCount: 0
2026-09-06 08:14:06.675 Df NotificationCenter[1775:53ce] [com.apple.unc:application] Adding notification to storage: com.minchenlee.c9watch.notification-qa:D145194B
2026-09-06 08:14:06.676 Df NotificationCenter[1775:53ce] [com.apple.unc:application] [com.minchenlee.c9watch.notification-qa:D145194B][record: <NotificationRecord app:"com.minchenlee.c9watch.notification-qa" ident:"DA39-A3EE" req:"" uuid:"D145194B" source:"34676198" staticCategory:"<LEGACY options=(legacyBehavior, hiddenPreviewShowsTitle)>" <response action: closed actIdent:  foreground: true text: nil> >] displaying as banner, body: <private>, summary: <private>
2026-09-06 08:14:06.677 Df NotificationCenter[1775:53ce] [com.apple.unc:sound] Playing notification sound { nam: Glass } for com.minchenlee.c9watch.notification-qa
2026-09-06 08:14:06.677 Df NotificationCenter[1775:53ce] [com.apple.unc:dnd] record <NotificationRecord app:"com.minchenlee.c9watch.notification-qa" ident:"DA39-A3EE" req:"" uuid:"D145194B" source:"34676198" staticCategory:"<LEGACY options=(legacyBehavior, hiddenPreviewShowsTitle)>" <response action: closed actIdent:  foreground: true text: nil> > is not intelligentlyBrokethrough
2026-09-06 08:14:06.677 Df NotificationCenter[1775:53ce] [com.apple.unc:application] [com.minchenlee.c9watch.notification-qa:D145194B] updating existing notification with content from D145194B
2026-09-06 08:14:06.677 Df NotificationCenter[1775:53ce] [com.apple.unc:application] Adding notification to storage: com.minchenlee.c9watch.notification-qa:D145194B
2026-09-06 08:14:40.165 E  usernoted[1682:18742ec] [com.apple.unc:application] Record <NotificationRecord app:"com.minchenlee.c9watch.notification-qa" ident:"DA39-A3EE" req:"" uuid:"5B336905" source:"34676198" staticCategory:"<LEGACY options=(legacyBehavior, hiddenPreviewShowsTitle)>" <response action: closed actIdent:  foreground: true text: nil> > ineligible for pipeline due to summarizationDisabled(globally)
2026-09-06 08:14:40.165 Df usernoted[1682:18742ec] [com.apple.unc:application] <NotificationRecord app:"com.minchenlee.c9watch.notification-qa" ident:"DA39-A3EE" req:"" uuid:"5B336905" source:"34676198" staticCategory:"<LEGACY options=(legacyBehavior, hiddenPreviewShowsTitle)>" <response action: closed actIdent:  foreground: true text: nil> > successfully processed by pipeline, scheduled for delivery.
2026-09-06 08:14:40.270 Df usernoted[1682:1874509] [com.apple.unc:application] Delivering <NotificationRecord app:"com.minchenlee.c9watch.notification-qa" ident:"DA39-A3EE" req:"" uuid:"5B336905" source:"34676198" staticCategory:"<LEGACY options=(legacyBehavior, hiddenPreviewShowsTitle)>" <response action: closed actIdent:  foreground: true text: nil> > to [ .alert .lockScreen .notificationCenter ]: updatedExisting: false
2026-09-06 08:14:40.271 Df usernoted[1682:1874509] [com.apple.unc:application] Presenting <NotificationRecord app:"com.minchenlee.c9watch.notification-qa" ident:"DA39-A3EE" req:"" uuid:"5B336905" source:"34676198" staticCategory:"<LEGACY options=(legacyBehavior, hiddenPreviewShowsTitle)>" <response action: closed actIdent:  foreground: true text: nil> > as banner (["badge", "sound", "alert"])
2026-09-06 08:14:40.273 Df NotificationCenter[1775:186edbf] [com.apple.donotdisturb:BehaviorResolution] [com.apple.private.nc.dnd:295D96E0-EA86-4F03-AE87-8CCC45BA5E5E] Resolving behavior for event, details=<DNDMutableClientEventDetails: 0xc0f2d6b00; identifier: ''; bundleIdentifier: com.minchenlee.c9watch.notification-qa; platform: unknown; type: Default; urgency: Default; sender: (null); threadIdentifier: (null); filterCritera: (null); notifyAnyway: 0; behavior: Default; forwardingBehavior: (null); title: D3A6AC1040A58B8C; subtitle: 0; body: 6BC821906A0DFFB6; shouldAdjustEventBehaviorForMirroring: 0>
2026-09-06 08:14:40.277 Df NotificationCenter[1775:186edbf] [com.apple.donotdisturb:BehaviorResolution] [com.apple.private.nc.dnd:295D96E0-EA86-4F03-AE87-8CCC45BA5E5E] Resolved event, details=<DNDMutableClientEventDetails: 0xc0f2d6b00; identifier: ''; bundleIdentifier: com.minchenlee.c9watch.notification-qa; platform: unknown; type: Default; urgency: Default; sender: (null); threadIdentifier: (null); filterCritera: (null); notifyAnyway: 0; behavior: Default; forwardingBehavior: (null); title: D3A6AC1040A58B8C; subtitle: 0; body: 6BC821906A0DFFB6; shouldAdjustEventBehaviorForMirroring: 0> behavior=<DNDClientEventBehavior: 0xc0e043f30; eventDetails: <DNDClientEventDetails: 0xc0f2d4e80; identifier: ''; bundleIdentifier: com.minchenlee.c9watch.notification-qa; platform: unknown; type: Default; urgency: Default; sender: (null); threadIdentifier: (null); filterCritera: (null); notifyAnyway: 0; behavior: Default; forwardingBehavior: (null); title: D3A6AC1040A58B8C; subtitle: D3A6AC1040A58B8C; body: 6BC821906A0DFFB6; shouldAdjustEventBehaviorForMirroring: 0>; interruptionSuppression: none; intelligentBehavior: unused; resolutionReas
2026-09-06 08:14:40.278 Df NotificationCenter[1775:53ce] [com.apple.unc:dnd] record <NotificationRecord app:"com.minchenlee.c9watch.notification-qa" ident:"DA39-A3EE" req:"" uuid:"5B336905" source:"34676198" staticCategory:"<LEGACY options=(legacyBehavior, hiddenPreviewShowsTitle)>" <response action: closed actIdent:  foreground: true text: nil> > is not intelligentlyBrokethrough
2026-09-06 08:14:40.278 Df NotificationCenter[1775:53ce] [com.apple.unc:application] addOrUpdate listItem: com.minchenlee.c9watch.notification-qa:5B336905 from app com.minchenlee.c9watch.notification-qa, canDisplayWhileCenterIsClosed: true, visibility: [history, alert, lockscreen, allowsScreenWake], readCount: 0
2026-09-06 08:14:40.278 Df NotificationCenter[1775:53ce] [com.apple.unc:application] Adding notification to storage: com.minchenlee.c9watch.notification-qa:5B336905
2026-09-06 08:14:40.278 Df NotificationCenter[1775:53ce] [com.apple.unc:application] [com.minchenlee.c9watch.notification-qa:5B336905][record: <NotificationRecord app:"com.minchenlee.c9watch.notification-qa" ident:"DA39-A3EE" req:"" uuid:"5B336905" source:"34676198" staticCategory:"<LEGACY options=(legacyBehavior, hiddenPreviewShowsTitle)>" <response action: closed actIdent:  foreground: true text: nil> >] displaying as banner, body: <private>, summary: <private>
2026-09-06 08:14:40.278 Df NotificationCenter[1775:53ce] [com.apple.unc:dnd] Not playing sound for <NotificationRecord app:"com.minchenlee.c9watch.notification-qa" ident:"DA39-A3EE" req:"" uuid:"5B336905" source:"34676198" staticCategory:"<LEGACY options=(legacyBehavior, hiddenPreviewShowsTitle)>" <response action: closed actIdent:  foreground: true text: nil> >: consoleConnected: true, isMuted: false, hasSound: false, darkWake: false
2026-09-06 08:14:40.301 Df NotificationCenter[1775:53ce] [com.apple.unc:dnd] record <NotificationRecord app:"com.minchenlee.c9watch.notification-qa" ident:"DA39-A3EE" req:"" uuid:"5B336905" source:"34676198" staticCategory:"<LEGACY options=(legacyBehavior, hiddenPreviewShowsTitle)>" <response action: closed actIdent:  foreground: true text: nil> > is not intelligentlyBrokethrough
2026-09-06 08:14:40.301 Df NotificationCenter[1775:53ce] [com.apple.unc:application] [com.minchenlee.c9watch.notification-qa:5B336905] updating existing notification with content from 5B336905
2026-09-06 08:14:40.301 Df NotificationCenter[1775:53ce] [com.apple.unc:application] Adding notification to storage: com.minchenlee.c9watch.notification-qa:5B336905
